\BOOKMARK [1][-]{section*.1}{\376\377\000A\000b\000s\000t\000r\000a\000c\000t}{}% 1
\BOOKMARK [1][-]{section.1}{\376\377\0001\000\040\000I\000n\000t\000r\000o\000d\000u\000c\000t\000i\000o\000n}{}% 2
\BOOKMARK [2][-]{subsection.1.1}{\376\377\0001\000.\0001\000\040\000M\000o\000t\000i\000v\000a\000t\000i\000o\000n}{section.1}% 3
\BOOKMARK [2][-]{subsection.1.2}{\376\377\0001\000.\0002\000\040\000C\000o\000n\000t\000r\000i\000b\000u\000t\000i\000o\000n\000s}{section.1}% 4
\BOOKMARK [1][-]{section.2}{\376\377\0002\000\040\000M\000e\000t\000h\000o\000d\000o\000l\000o\000g\000y}{}% 5
\BOOKMARK [2][-]{subsection.2.1}{\376\377\0002\000.\0001\000\040\000L\000i\000t\000e\000r\000a\000t\000u\000r\000e\000\040\000S\000e\000a\000r\000c\000h\000\040\000S\000t\000r\000a\000t\000e\000g\000y}{section.2}% 6
\BOOKMARK [2][-]{subsection.2.2}{\376\377\0002\000.\0002\000\040\000I\000n\000c\000l\000u\000s\000i\000o\000n\000\040\000a\000n\000d\000\040\000E\000x\000c\000l\000u\000s\000i\000o\000n\000\040\000C\000r\000i\000t\000e\000r\000i\000a}{section.2}% 7
\BOOKMARK [2][-]{subsection.2.3}{\376\377\0002\000.\0003\000\040\000C\000i\000t\000a\000t\000i\000o\000n\000\040\000C\000h\000a\000i\000n\000i\000n\000g}{section.2}% 8
\BOOKMARK [1][-]{section.3}{\376\377\0003\000\040\000P\000r\000e\000l\000i\000m\000i\000n\000a\000r\000y}{}% 9
\BOOKMARK [2][-]{subsection.3.1}{\376\377\0003\000.\0001\000\040\000D\000i\000s\000t\000r\000i\000b\000u\000t\000e\000d\000\040\000A\000l\000g\000o\000r\000i\000t\000h\000m\000s}{section.3}% 10
\BOOKMARK [2][-]{subsection.3.2}{\376\377\0003\000.\0002\000\040\000I\000n\000t\000e\000r\000a\000c\000t\000i\000v\000e\000\040\000T\000h\000e\000o\000r\000e\000m\000\040\000P\000r\000o\000v\000e\000r\000s}{section.3}% 11
\BOOKMARK [2][-]{subsection.3.3}{\376\377\0003\000.\0003\000\040\000V\000e\000r\000i\000f\000i\000c\000a\000t\000i\000o\000n}{section.3}% 12
\BOOKMARK [1][-]{section.4}{\376\377\0004\000\040\000A\000p\000p\000r\000o\000a\000c\000h\000e\000s\000\040\000t\000o\000\040\000V\000e\000r\000i\000f\000y\000i\000n\000g\000\040\000D\000i\000s\000t\000r\000i\000b\000u\000t\000e\000d\000\040\000A\000l\000g\000o\000r\000i\000t\000h\000m\000s}{}% 13
\BOOKMARK [2][-]{subsection.4.1}{\376\377\0004\000.\0001\000\040\000P\000r\000o\000o\000f\000\040\000t\000e\000c\000h\000n\000i\000q\000u\000e\000s}{section.4}% 14
\BOOKMARK [2][-]{subsection.4.2}{\376\377\0004\000.\0002\000\040\000T\000o\000o\000l\000s\000\040\000a\000n\000d\000\040\000C\000o\000m\000m\000o\000n\000\040\000f\000r\000a\000m\000e\000w\000o\000r\000k\000s}{section.4}% 15
\BOOKMARK [1][-]{section.5}{\376\377\0005\000\040\000C\000a\000s\000e\000\040\000S\000t\000u\000d\000i\000e\000s}{}% 16
\BOOKMARK [2][-]{subsection.5.1}{\376\377\0005\000.\0001\000\040\000\040\000C\000o\000n\000s\000e\000n\000s\000u\000s\000\040\000A\000l\000g\000o\000r\000i\000t\000h\000m\000s}{section.5}% 17
\BOOKMARK [2][-]{subsection.5.2}{\376\377\0005\000.\0002\000\040\000\040\000B\000y\000z\000a\000n\000t\000i\000n\000e\000\040\000F\000a\000u\000l\000t\000\040\000T\000o\000l\000e\000r\000a\000n\000c\000e}{section.5}% 18
\BOOKMARK [2][-]{subsection.5.3}{\376\377\0005\000.\0003\000\040\000M\000u\000t\000u\000a\000l\000\040\000E\000x\000c\000l\000u\000s\000i\000o\000n\000\040}{section.5}% 19
\BOOKMARK [2][-]{subsection.5.4}{\376\377\0005\000.\0004\000\040\000V\000e\000r\000i\000f\000i\000e\000d\000\040\000s\000o\000f\000t\000w\000a\000r\000e}{section.5}% 20
\BOOKMARK [1][-]{section.6}{\376\377\0006\000\040\000C\000o\000m\000p\000a\000r\000i\000s\000o\000n\000\040\000o\000f\000\040\000V\000e\000r\000i\000f\000i\000c\000a\000t\000i\000o\000n\000\040\000S\000t\000r\000a\000t\000e\000g\000i\000e\000s\000\040}{}% 21
\BOOKMARK [1][-]{section.7}{\376\377\0007\000\040\000C\000h\000a\000l\000l\000e\000n\000g\000e\000s\000\040\000a\000n\000d\000\040\000F\000u\000t\000u\000r\000e\000\040\000D\000i\000r\000e\000c\000t\000i\000o\000n\000s}{}% 22
\BOOKMARK [1][-]{section.8}{\376\377\0008\000\040\000C\000o\000n\000c\000l\000u\000s\000i\000o\000n}{}% 23
\BOOKMARK [1][-]{section*.3}{\376\377\000R\000e\000f\000e\000r\000e\000n\000c\000e\000s}{}% 24
